──────────────────────────────────────────────────────────
[00:26:36] FASE 0 — preflight
[00:26:36] target: http://192.168.0.20:31726/data/products
[00:26:36] smoke test OK
[00:26:36] catálogo de métricas de Prometheus guardado
──────────────────────────────────────────────────────────
[00:26:36] FASE 1 — línea base (90 s, 4 workers cada 1.5s)
[00:28:06] línea base terminada
──────────────────────────────────────────────────────────
[00:28:06] FASE 2 — escalando data-service a 10 réplicas
deployment.apps/data-service scaled
Waiting for deployment "data-service" rollout to finish: 2 out of 10 new replicas have been updated...
Waiting for deployment "data-service" rollout to finish: 2 of 10 updated replicas are available...
Waiting for deployment "data-service" rollout to finish: 3 of 10 updated replicas are available...
Waiting for deployment "data-service" rollout to finish: 4 of 10 updated replicas are available...
Waiting for deployment "data-service" rollout to finish: 5 of 10 updated replicas are available...
Waiting for deployment "data-service" rollout to finish: 6 of 10 updated replicas are available...
Waiting for deployment "data-service" rollout to finish: 7 of 10 updated replicas are available...
Waiting for deployment "data-service" rollout to finish: 8 of 10 updated replicas are available...
Waiting for deployment "data-service" rollout to finish: 9 of 10 updated replicas are available...
deployment "data-service" successfully rolled out
[00:28:08] réplicas listas — distribución por nodo:
   1 NODE
   5 kube-w1
   5 kube-w2
──────────────────────────────────────────────────────────
[00:28:18] FASE 3 — aplicando HTTPChaos (duration del manifiesto: 300s)
httpchaos.chaos-mesh.org/error-rate-data-service-10pct created
[00:28:24] pod(s) objetivo seleccionado(s): otel-lab/data-service-7fd57b5499-mqdrp
[00:28:24] carga durante 540s (300s de chaos + 240s de observación post-rollback)
──────────────────────────────────────────────────────────
[00:37:35] FASE 4 — recolectando evidencia
[00:37:36] trazas de Jaeger de la ventana guardadas
[00:37:36] 1167 requests registradas
──────────────────────────────────────────────────────────
[00:37:36] LIMPIEZA — borrando chaos y volviendo a 2 réplicas
httpchaos.chaos-mesh.org "error-rate-data-service-10pct" deleted
error: timed out waiting for the condition on httpchaos/error-rate-data-service-10pct
[00:38:21] el borrado quedó bloqueado por el finalizer — forzando
httpchaos.chaos-mesh.org/error-rate-data-service-10pct patched
pod "data-service-7fd57b5499-mqdrp" deleted
deployment.apps/data-service scaled
[00:38:29] limpieza terminada
──────────────────────────────────────────────────────────
[00:38:29] FASE 5 — análisis
═══ RESUMEN EXPERIMENTO 2 (repetición instrumentada) ═══

LÍNEA BASE: n=232  errores=0 (0.0%)
   OK    p50=14ms  p95=26ms  max=40ms

CHAOS (0-300s): n=524  errores=56 (10.7%)
   OK    p50=12ms  p95=21ms  max=34ms
   ERR   códigos={'000': 56}  duración media=7.06s  min=0.01s  max=9.95s

POST-ROLLBACK (300s+): n=411  errores=33 (8.0%)
   OK    p50=12ms  p95=18ms  max=34ms
   ERR   códigos={'000': 33}  duración media=9.86s  min=9.85s  max=9.92s

TIMELINE DEL ROLLBACK
   primer error:  t+   6.7s   (MTTD del cliente)
   último error:  t+ 534.8s
   fin nominal:   t+ 300.0s
   → ROLLBACK TARDÍO: 234.8s de errores después del duration

BLIND SPOT DE TRAZAS
   trazas de data-service en la ventana: 1285
   status codes vistos en spans: {'200': 2233}
   errores del lado cliente en la misma ventana: 89
   → CONFIRMADO: ningún abort generó traza
──────────────────────────────────────────────────────────
──────────────────────────────────────────────────────────
[00:38:29] TODO EN: results/gameday-20260830-001312/exp2-A-20260830-002635
[00:38:29] Pásame  results/gameday-20260830-001312/exp2-A-20260830-002635/summary.txt  y, si querés, results/gameday-20260830-001312/exp2-A-20260830-002635/chaos-describe.txt
