──────────────────────────────────────────────────────────
[11:12:32] FASE 0 — preflight
[11:12:32] reloj del apiserver verificado (desfase 0s)
[11:12:32] target: http://192.168.0.20:31726/data/products
[11:12:32] smoke test OK
[11:12:33] catálogo de métricas de Prometheus guardado
──────────────────────────────────────────────────────────
[11:12:33] FASE 1 — línea base (90 s, 4 workers cada 1.5s)
[11:14:03] línea base terminada
──────────────────────────────────────────────────────────
[11:14:03] FASE 2 — escalando data-service a 10 réplicas
deployment.apps/data-service scaled
Waiting for deployment "data-service" rollout to finish: 2 out of 10 new replicas have been updated...
Waiting for deployment "data-service" rollout to finish: 2 of 10 updated replicas are available...
Waiting for deployment "data-service" rollout to finish: 3 of 10 updated replicas are available...
Waiting for deployment "data-service" rollout to finish: 4 of 10 updated replicas are available...
Waiting for deployment "data-service" rollout to finish: 5 of 10 updated replicas are available...
Waiting for deployment "data-service" rollout to finish: 6 of 10 updated replicas are available...
Waiting for deployment "data-service" rollout to finish: 7 of 10 updated replicas are available...
Waiting for deployment "data-service" rollout to finish: 8 of 10 updated replicas are available...
Waiting for deployment "data-service" rollout to finish: 9 of 10 updated replicas are available...
deployment "data-service" successfully rolled out
[11:14:05] réplicas listas — distribución por nodo:
   1 NODE
   5 kube-w1
   5 kube-w2
──────────────────────────────────────────────────────────
[11:14:15] FASE 3 — aplicando HTTPChaos (duration del manifiesto: 300s)
httpchaos.chaos-mesh.org/error-rate-data-service-10pct created
[11:14:21] pod(s) objetivo seleccionado(s): otel-lab/data-service-7fd57b5499-wwshb
[11:14:21] inyeccion confirmada (phase: Injected)
[11:14:21] carga durante 540s (300s de chaos + 240s de observación post-rollback)
──────────────────────────────────────────────────────────
[11:23:35] FASE 4 — recolectando evidencia
[11:23:36] trazas de Jaeger de la ventana guardadas
[11:23:36] 1252 requests registradas
──────────────────────────────────────────────────────────
[11:23:36] LIMPIEZA — borrando chaos y volviendo a 2 réplicas
httpchaos.chaos-mesh.org "error-rate-data-service-10pct" deleted
error: timed out waiting for the condition on httpchaos/error-rate-data-service-10pct
[11:24:22] el borrado quedó bloqueado por el finalizer — forzando
httpchaos.chaos-mesh.org/error-rate-data-service-10pct patched
pod "data-service-7fd57b5499-wwshb" deleted
deployment.apps/data-service scaled
[11:24:30] limpieza terminada
──────────────────────────────────────────────────────────
[11:24:30] FASE 5 — análisis
═══ RESUMEN EXPERIMENTO 2 (repetición instrumentada) ═══

LÍNEA BASE: n=232  errores=0 (0.0%)
   OK    p50=17ms  p95=34ms  max=48ms

CHAOS (0-300s): n=544  errores=47 (8.6%)
   OK    p50=16ms  p95=26ms  max=54ms
   ERR   códigos={'000': 47}  duración media=7.17s  min=0.01s  max=9.44s

POST-ROLLBACK (300s+): n=476  errores=26 (5.5%)
   OK    p50=16ms  p95=29ms  max=62ms
   ERR   códigos={'000': 26}  duración media=9.35s  min=9.33s  max=9.42s

TIMELINE DEL ROLLBACK
   primer error:  t+   9.9s   (MTTD del cliente)
   último error:  t+ 466.8s
   fin nominal:   t+ 300.0s
   → ROLLBACK TARDÍO: 166.8s de errores después del duration

BLIND SPOT DE TRAZAS
   trazas de data-service en la ventana: 1413
   status codes vistos en spans: {'200': 2477}
   errores del lado cliente en la misma ventana: 73
   → CONFIRMADO: el APM no registra ni un error.
     target: Response aborta en el camino de VUELTA: la app ya proceso
     la request y emitio su span 200 cuando Chaos Mesh corta la conexion.
     La telemetria no tiene un hueco: afirma exito para requests fallidas.
──────────────────────────────────────────────────────────
──────────────────────────────────────────────────────────
[11:24:30] TODO EN: results/exp2-A-20260830-111232
[11:24:30] Pásame  results/exp2-A-20260830-111232/summary.txt  y, si querés, results/exp2-A-20260830-111232/chaos-describe.txt
