
══════════════════════════════════════════════════════════
  GAME DAY — 2026-08-30 00:13
══════════════════════════════════════════════════════════
[00:13:12] salida: results/gameday-20260830-001312
[00:13:12] blackbox-exporter listo — el SLI de borde quedará registrado

══════════════════════════════════════════════════════════
  EXPERIMENTO 1 — NetworkChaos 200 ms ±10 ms sobre service-b
══════════════════════════════════════════════════════════
──────────────────────────────────────────────────────────
[00:13:12] FASE 0 — preflight
[00:13:13] target: http://192.168.0.20:31646/order/ord-001  (smoke test OK)
[00:13:13] blackbox exporter: 3 series de probe_success
──────────────────────────────────────────────────────────
[00:13:13] FASE 1 — línea base (90 s, 4 workers cada 1.5s)
──────────────────────────────────────────────────────────
[00:14:44] FASE 2 — aplicando NetworkChaos (delay 200ms ±10ms sobre service-b)
networkchaos.chaos-mesh.org/latency-service-b-200ms created
[00:14:49] pods afectados: otel-lab/service-b-6768ff647d-jb9hx otel-lab/service-b-6768ff647d-zjf2c
[00:14:49] carga durante 540s (300s de chaos + 240s post-rollback)
──────────────────────────────────────────────────────────
[00:24:01] FASE 3 — recolectando evidencia
[00:24:01] trazas de service-a de la ventana guardadas
[00:24:01] 1452 requests registradas
──────────────────────────────────────────────────────────
[00:24:01] LIMPIEZA
networkchaos.chaos-mesh.org "latency-service-b-200ms" deleted
[00:24:05] limpieza terminada
──────────────────────────────────────────────────────────
[00:24:05] FASE 4 — análisis
──────────────────────────────────────────────────────────
═══ RESUMEN EXPERIMENTO 1 — NetworkChaos 200 ms ±10 ms ═══

LÍNEA BASE: n=228  errores=0 (0.0%)
   p50=   42.4 ms   p95=   93.6 ms   p99=  246.0 ms   máx=  313.7 ms

CHAOS (0-300s): n=598  errores=0 (0.0%)
   p50=  441.9 ms   p95=  486.1 ms   p99=  541.7 ms   máx=  565.9 ms

POST-ROLLBACK: n=626  errores=0 (0.0%)
   p50=   30.3 ms   p95=   60.0 ms   p99=  104.1 ms   máx=  156.9 ms

LATENCIA AÑADIDA (p50 chaos − p50 base): 399.6 ms
   inyectado 200 ms en direction:to → esperado ~200-400 ms según ida/vuelta
   amplificación observada: 2.00× el delay inyectado

ROLLBACK: latencia de vuelta bajo 2× la línea base a t+300.0 s (fin nominal 300 s) → desfase +0.0 s

RESTARTS de service-b durante el experimento: ['1', '2']  (control: deben quedarse en 0)
──────────────────────────────────────────────────────────
[00:24:05] TODO EN: results/gameday-20260830-001312/exp1-20260830-001312
[00:24:05] pausa de recuperación: 150s

══════════════════════════════════════════════════════════
  EXPERIMENTO 2A — HTTPChaos abort, path: "*"  (health check DENTRO del blast radius)
══════════════════════════════════════════════════════════
──────────────────────────────────────────────────────────
[00:26:36] FASE 0 — preflight
[00:26:36] target: http://192.168.0.20:31726/data/products
[00:26:36] smoke test OK
[00:26:36] catálogo de métricas de Prometheus guardado
──────────────────────────────────────────────────────────
[00:26:36] FASE 1 — línea base (90 s, 4 workers cada 1.5s)
[00:28:06] línea base terminada
──────────────────────────────────────────────────────────
[00:28:06] FASE 2 — escalando data-service a 10 réplicas
deployment.apps/data-service scaled
Waiting for deployment "data-service" rollout to finish: 2 out of 10 new replicas have been updated...
Waiting for deployment "data-service" rollout to finish: 2 of 10 updated replicas are available...
Waiting for deployment "data-service" rollout to finish: 3 of 10 updated replicas are available...
Waiting for deployment "data-service" rollout to finish: 4 of 10 updated replicas are available...
Waiting for deployment "data-service" rollout to finish: 5 of 10 updated replicas are available...
Waiting for deployment "data-service" rollout to finish: 6 of 10 updated replicas are available...
Waiting for deployment "data-service" rollout to finish: 7 of 10 updated replicas are available...
Waiting for deployment "data-service" rollout to finish: 8 of 10 updated replicas are available...
Waiting for deployment "data-service" rollout to finish: 9 of 10 updated replicas are available...
deployment "data-service" successfully rolled out
[00:28:08] réplicas listas — distribución por nodo:
   1 NODE
   5 kube-w1
   5 kube-w2
──────────────────────────────────────────────────────────
[00:28:18] FASE 3 — aplicando HTTPChaos (duration del manifiesto: 300s)
httpchaos.chaos-mesh.org/error-rate-data-service-10pct created
[00:28:24] pod(s) objetivo seleccionado(s): otel-lab/data-service-7fd57b5499-mqdrp
[00:28:24] carga durante 540s (300s de chaos + 240s de observación post-rollback)
──────────────────────────────────────────────────────────
[00:37:35] FASE 4 — recolectando evidencia
[00:37:36] trazas de Jaeger de la ventana guardadas
[00:37:36] 1167 requests registradas
──────────────────────────────────────────────────────────
[00:37:36] LIMPIEZA — borrando chaos y volviendo a 2 réplicas
httpchaos.chaos-mesh.org "error-rate-data-service-10pct" deleted
error: timed out waiting for the condition on httpchaos/error-rate-data-service-10pct
[00:38:21] el borrado quedó bloqueado por el finalizer — forzando
httpchaos.chaos-mesh.org/error-rate-data-service-10pct patched
pod "data-service-7fd57b5499-mqdrp" deleted
deployment.apps/data-service scaled
[00:38:29] limpieza terminada
──────────────────────────────────────────────────────────
[00:38:29] FASE 5 — análisis
──────────────────────────────────────────────────────────
═══ RESUMEN EXPERIMENTO 2 (repetición instrumentada) ═══

LÍNEA BASE: n=232  errores=0 (0.0%)
   OK    p50=14ms  p95=26ms  max=40ms

CHAOS (0-300s): n=524  errores=56 (10.7%)
   OK    p50=12ms  p95=21ms  max=34ms
   ERR   códigos={'000': 56}  duración media=7.06s  min=0.01s  max=9.95s

POST-ROLLBACK (300s+): n=411  errores=33 (8.0%)
   OK    p50=12ms  p95=18ms  max=34ms
   ERR   códigos={'000': 33}  duración media=9.86s  min=9.85s  max=9.92s

TIMELINE DEL ROLLBACK
   primer error:  t+   6.7s   (MTTD del cliente)
   último error:  t+ 534.8s
   fin nominal:   t+ 300.0s
   → ROLLBACK TARDÍO: 234.8s de errores después del duration

BLIND SPOT DE TRAZAS
   trazas de data-service en la ventana: 1285
   status codes vistos en spans: {'200': 2233}
   errores del lado cliente en la misma ventana: 89
   → CONFIRMADO: ningún abort generó traza
──────────────────────────────────────────────────────────
[00:38:29] TODO EN: results/gameday-20260830-001312/exp2-A-20260830-002635
[00:38:29] Pásame  results/gameday-20260830-001312/exp2-A-20260830-002635/summary.txt  y, si querés, results/gameday-20260830-001312/exp2-A-20260830-002635/chaos-describe.txt
[00:38:29] pausa de recuperación: 150s

══════════════════════════════════════════════════════════
  EXPERIMENTO 2B — HTTPChaos abort, path: "/data/*"  (health check FUERA del blast radius)
══════════════════════════════════════════════════════════
──────────────────────────────────────────────────────────
[00:40:59] FASE 0 — preflight
[00:41:00] target: http://192.168.0.20:31726/data/products
[00:41:00] smoke test OK
[00:41:00] catálogo de métricas de Prometheus guardado
──────────────────────────────────────────────────────────
[00:41:00] FASE 1 — línea base (90 s, 4 workers cada 1.5s)
[00:42:31] línea base terminada
──────────────────────────────────────────────────────────
[00:42:31] FASE 2 — escalando data-service a 10 réplicas
deployment.apps/data-service scaled
Waiting for deployment "data-service" rollout to finish: 2 out of 10 new replicas have been updated...
Waiting for deployment "data-service" rollout to finish: 2 of 10 updated replicas are available...
Waiting for deployment "data-service" rollout to finish: 3 of 10 updated replicas are available...
Waiting for deployment "data-service" rollout to finish: 4 of 10 updated replicas are available...
Waiting for deployment "data-service" rollout to finish: 5 of 10 updated replicas are available...
Waiting for deployment "data-service" rollout to finish: 6 of 10 updated replicas are available...
Waiting for deployment "data-service" rollout to finish: 7 of 10 updated replicas are available...
Waiting for deployment "data-service" rollout to finish: 8 of 10 updated replicas are available...
Waiting for deployment "data-service" rollout to finish: 9 of 10 updated replicas are available...
deployment "data-service" successfully rolled out
[00:42:33] réplicas listas — distribución por nodo:
   1 NODE
   5 kube-w1
   5 kube-w2
──────────────────────────────────────────────────────────
[00:42:43] FASE 3 — aplicando HTTPChaos (duration del manifiesto: 300s)
httpchaos.chaos-mesh.org/error-rate-data-service-10pct-remediado created
[00:42:48] pod(s) objetivo seleccionado(s): otel-lab/data-service-7fd57b5499-xzlkd
[00:42:48] carga durante 540s (300s de chaos + 240s de observación post-rollback)
──────────────────────────────────────────────────────────
[00:51:59] FASE 4 — recolectando evidencia
[00:52:00] trazas de Jaeger de la ventana guardadas
[00:52:00] 1636 requests registradas
──────────────────────────────────────────────────────────
[00:52:00] LIMPIEZA — borrando chaos y volviendo a 2 réplicas
httpchaos.chaos-mesh.org "error-rate-data-service-10pct-remediado" deleted
pod "data-service-7fd57b5499-xzlkd" deleted
deployment.apps/data-service scaled
[00:52:08] limpieza terminada
──────────────────────────────────────────────────────────
[00:52:08] FASE 5 — análisis
──────────────────────────────────────────────────────────
═══ RESUMEN EXPERIMENTO 2 (repetición instrumentada) ═══

LÍNEA BASE: n=236  errores=0 (0.0%)
   OK    p50=13ms  p95=27ms  max=38ms

CHAOS (0-300s): n=764  errores=69 (9.0%)
   OK    p50=13ms  p95=21ms  max=34ms
   ERR   códigos={'000': 69}  duración media=0.01s  min=0.01s  max=0.02s

POST-ROLLBACK (300s+): n=636  errores=2 (0.3%)
   OK    p50=13ms  p95=20ms  max=27ms
   ERR   códigos={'000': 2}  duración media=0.01s  min=0.01s  max=0.01s

TIMELINE DEL ROLLBACK
   primer error:  t+   8.2s   (MTTD del cliente)
   último error:  t+ 307.7s
   fin nominal:   t+ 300.0s
   → rollback dentro de lo esperado (7.7s)

BLIND SPOT DE TRAZAS
   trazas de data-service en la ventana: 1890
   status codes vistos en spans: {'200': 3396}
   errores del lado cliente en la misma ventana: 71
   → CONFIRMADO: ningún abort generó traza
──────────────────────────────────────────────────────────
[00:52:08] TODO EN: results/gameday-20260830-001312/exp2-B-20260830-004059
[00:52:08] Pásame  results/gameday-20260830-001312/exp2-B-20260830-004059/summary.txt  y, si querés, results/gameday-20260830-001312/exp2-B-20260830-004059/chaos-describe.txt

══════════════════════════════════════════════════════════
  REPORTE UNIFICADO
══════════════════════════════════════════════════════════
[00:52:09] 
[00:52:09] Game Day terminado. Reporte: results/gameday-20260830-001312/REPORTE.txt
