──────────────────────────────────────────────────────────
[00:13:12] FASE 0 — preflight
[00:13:13] target: http://192.168.0.20:31646/order/ord-001  (smoke test OK)
[00:13:13] blackbox exporter: 3 series de probe_success
──────────────────────────────────────────────────────────
[00:13:13] FASE 1 — línea base (90 s, 4 workers cada 1.5s)
──────────────────────────────────────────────────────────
[00:14:44] FASE 2 — aplicando NetworkChaos (delay 200ms ±10ms sobre service-b)
networkchaos.chaos-mesh.org/latency-service-b-200ms created
[00:14:49] pods afectados: otel-lab/service-b-6768ff647d-jb9hx otel-lab/service-b-6768ff647d-zjf2c
[00:14:49] carga durante 540s (300s de chaos + 240s post-rollback)
──────────────────────────────────────────────────────────
[00:24:01] FASE 3 — recolectando evidencia
[00:24:01] trazas de service-a de la ventana guardadas
[00:24:01] 1452 requests registradas
──────────────────────────────────────────────────────────
[00:24:01] LIMPIEZA
networkchaos.chaos-mesh.org "latency-service-b-200ms" deleted
[00:24:05] limpieza terminada
──────────────────────────────────────────────────────────
[00:24:05] FASE 4 — análisis
──────────────────────────────────────────────────────────
═══ RESUMEN EXPERIMENTO 1 — NetworkChaos 200 ms ±10 ms ═══

LÍNEA BASE: n=228  errores=0 (0.0%)
   p50=   42.4 ms   p95=   93.6 ms   p99=  246.0 ms   máx=  313.7 ms

CHAOS (0-300s): n=598  errores=0 (0.0%)
   p50=  441.9 ms   p95=  486.1 ms   p99=  541.7 ms   máx=  565.9 ms

POST-ROLLBACK: n=626  errores=0 (0.0%)
   p50=   30.3 ms   p95=   60.0 ms   p99=  104.1 ms   máx=  156.9 ms

LATENCIA AÑADIDA (p50 chaos − p50 base): 399.6 ms
   inyectado 200 ms en direction:to → esperado ~200-400 ms según ida/vuelta
   amplificación observada: 2.00× el delay inyectado

ROLLBACK: latencia de vuelta bajo 2× la línea base a t+300.0 s (fin nominal 300 s) → desfase +0.0 s

RESTARTS de service-b durante el experimento: ['1', '2']  (control: deben quedarse en 0)
──────────────────────────────────────────────────────────
[00:24:05] TODO EN: results/gameday-20260830-001312/exp1-20260830-001312
